<?xml version="1.0" encoding="utf-8"?>
<TestRun id="e517c0a5-e256-47c0-bebc-a21a3b890586" name="@upft-afs002 2026-06-12 21:55:06" xmlns="http://microsoft.com/schemas/VisualStudio/TeamTest/2010">
  <Times creation="2026-06-12T21:55:06.7521240+09:00" queuing="2026-06-12T21:55:06.7521240+09:00" start="2026-06-12T21:55:05.4031640+09:00" finish="2026-06-12T21:55:08.0129870+09:00" />
  <TestSettings name="default" id="e408b8b4-6c82-4e33-b2a8-e04bf3a22786">
    <Deployment runDeploymentRoot="_upft-afs002_2026-06-12_21_55_06" />
  </TestSettings>
  <Results>
    <UnitTestResult executionId="9546c1a9-0cf1-4812-966c-7db9e217a288" testId="c8ef8f67-4540-7b8a-01d8-9ee39e2baade" testName="Unilyze.Tests.IncrementalAnalysisTests.Mutations_StayEquivalentToFullRun(mutation: &quot;edit&quot;)" computerName="upft-afs002" duration="00:00:00.0367021" startTime="2026-06-12T21:55:06.1930110+09:00" endTime="2026-06-12T21:55:06.2291130+09:00" testType="13cdc9d9-ddb5-4fa4-a97d-d965ccfc6d4b" outcome="Failed" testListId="8c84fa94-04c1-424b-9868-57a2d4851a1d" relativeResultsDirectory="9546c1a9-0cf1-4812-966c-7db9e217a288">
      <Output>
        <ErrorInfo>
          <Message>Assert.Equal() Failure: Values differ
Expected: 0
Actual:   1</Message>
          <StackTrace>   at Unilyze.Tests.IncrementalAnalysisTests.Analyze(Boolean fullIncremental) in /Volumes/CrucialX9/dev/github.com/bigdra50/unilyze/tests/Unilyze.Tests/IncrementalAnalysisTests.cs:line 225
   at Unilyze.Tests.IncrementalAnalysisTests.Mutations_StayEquivalentToFullRun(String mutation) in /Volumes/CrucialX9/dev/github.com/bigdra50/unilyze/tests/Unilyze.Tests/IncrementalAnalysisTests.cs:line 71
   at InvokeStub_IncrementalAnalysisTests.Mutations_StayEquivalentToFullRun(Object, Span`1)
   at System.Reflection.MethodBaseInvoker.InvokeWithOneArg(Object obj, BindingFlags invokeAttr, Binder binder, Object[] parameters, CultureInfo culture)</StackTrace>
        </ErrorInfo>
      </Output>
    </UnitTestResult>
    <UnitTestResult executionId="53cf2f96-9e68-42e0-9e36-0e5cf504b183" testId="a6238678-b60b-822b-c048-16c6f278e169" testName="Unilyze.Tests.IncrementalAnalysisTests.Mutations_StayEquivalentToFullRun(mutation: &quot;add&quot;)" computerName="upft-afs002" duration="00:00:00.0369373" startTime="2026-06-12T21:55:06.1180840+09:00" endTime="2026-06-12T21:55:06.1545370+09:00" testType="13cdc9d9-ddb5-4fa4-a97d-d965ccfc6d4b" outcome="Failed" testListId="8c84fa94-04c1-424b-9868-57a2d4851a1d" relativeResultsDirectory="53cf2f96-9e68-42e0-9e36-0e5cf504b183">
      <Output>
        <ErrorInfo>
          <Message>Assert.Equal() Failure: Values differ
Expected: 0
Actual:   1</Message>
          <StackTrace>   at Unilyze.Tests.IncrementalAnalysisTests.Analyze(Boolean fullIncremental) in /Volumes/CrucialX9/dev/github.com/bigdra50/unilyze/tests/Unilyze.Tests/IncrementalAnalysisTests.cs:line 225
   at Unilyze.Tests.IncrementalAnalysisTests.Mutations_StayEquivalentToFullRun(String mutation) in /Volumes/CrucialX9/dev/github.com/bigdra50/unilyze/tests/Unilyze.Tests/IncrementalAnalysisTests.cs:line 71
   at InvokeStub_IncrementalAnalysisTests.Mutations_StayEquivalentToFullRun(Object, Span`1)
   at System.Reflection.MethodBaseInvoker.InvokeWithOneArg(Object obj, BindingFlags invokeAttr, Binder binder, Object[] parameters, CultureInfo culture)</StackTrace>
        </ErrorInfo>
      </Output>
    </UnitTestResult>
    <UnitTestResult executionId="4f53b11c-398c-4fb0-be94-f968f7530b3f" testId="199b3ba6-2f0e-0b3b-fbce-8a3bcbf88dd0" testName="Unilyze.Tests.IncrementalAnalysisTests.Mutations_StayEquivalentToFullRun(mutation: &quot;threshold&quot;)" computerName="upft-afs002" duration="00:00:00.0365557" startTime="2026-06-12T21:55:06.0898380+09:00" endTime="2026-06-12T21:55:06.1174600+09:00" testType="13cdc9d9-ddb5-4fa4-a97d-d965ccfc6d4b" outcome="Failed" testListId="8c84fa94-04c1-424b-9868-57a2d4851a1d" relativeResultsDirectory="4f53b11c-398c-4fb0-be94-f968f7530b3f">
      <Output>
        <ErrorInfo>
          <Message>Assert.Equal() Failure: Values differ
Expected: 0
Actual:   1</Message>
          <StackTrace>   at Unilyze.Tests.IncrementalAnalysisTests.Analyze(Boolean fullIncremental) in /Volumes/CrucialX9/dev/github.com/bigdra50/unilyze/tests/Unilyze.Tests/IncrementalAnalysisTests.cs:line 225
   at Unilyze.Tests.IncrementalAnalysisTests.Mutations_StayEquivalentToFullRun(String mutation) in /Volumes/CrucialX9/dev/github.com/bigdra50/unilyze/tests/Unilyze.Tests/IncrementalAnalysisTests.cs:line 71
   at InvokeStub_IncrementalAnalysisTests.Mutations_StayEquivalentToFullRun(Object, Span`1)
   at System.Reflection.MethodBaseInvoker.InvokeWithOneArg(Object obj, BindingFlags invokeAttr, Binder binder, Object[] parameters, CultureInfo culture)</StackTrace>
        </ErrorInfo>
      </Output>
    </UnitTestResult>
    <UnitTestResult executionId="f52cbb60-e2dd-4673-ad09-8a3b6816dd2d" testId="8069361a-b182-5b2a-adaf-d07a06720af0" testName="Unilyze.Tests.IncrementalAnalysisTests.Mutations_StayEquivalentToFullRun(mutation: &quot;partial&quot;)" computerName="upft-afs002" duration="00:00:00.0494775" startTime="2026-06-12T21:55:05.9397500+09:00" endTime="2026-06-12T21:55:05.9978450+09:00" testType="13cdc9d9-ddb5-4fa4-a97d-d965ccfc6d4b" outcome="Failed" testListId="8c84fa94-04c1-424b-9868-57a2d4851a1d" relativeResultsDirectory="f52cbb60-e2dd-4673-ad09-8a3b6816dd2d">
      <Output>
        <ErrorInfo>
          <Message>Assert.Equal() Failure: Values differ
Expected: 0
Actual:   1</Message>
          <StackTrace>   at Unilyze.Tests.IncrementalAnalysisTests.Analyze(Boolean fullIncremental) in /Volumes/CrucialX9/dev/github.com/bigdra50/unilyze/tests/Unilyze.Tests/IncrementalAnalysisTests.cs:line 225
   at Unilyze.Tests.IncrementalAnalysisTests.Mutations_StayEquivalentToFullRun(String mutation) in /Volumes/CrucialX9/dev/github.com/bigdra50/unilyze/tests/Unilyze.Tests/IncrementalAnalysisTests.cs:line 71
   at System.Reflection.MethodBaseInvoker.InterpretedInvoke_Method(Object obj, IntPtr* args)
   at System.Reflection.MethodBaseInvoker.InvokeDirectByRefWithFewArgs(Object obj, Span`1 copyOfArgs, BindingFlags invokeAttr)</StackTrace>
        </ErrorInfo>
      </Output>
    </UnitTestResult>
    <UnitTestResult executionId="60964867-80c8-42e7-b11a-c603605fc642" testId="e8c8bf51-6c5f-05a9-5952-984ef383163e" testName="Unilyze.Tests.IncrementalAnalysisTests.WithoutIncremental_DoesNotCreateCache" computerName="upft-afs002" duration="00:00:00.2993745" startTime="2026-06-12T21:55:07.6859020+09:00" endTime="2026-06-12T21:55:07.9847140+09:00" testType="13cdc9d9-ddb5-4fa4-a97d-d965ccfc6d4b" outcome="Passed" testListId="8c84fa94-04c1-424b-9868-57a2d4851a1d" relativeResultsDirectory="60964867-80c8-42e7-b11a-c603605fc642" />
    <UnitTestResult executionId="64c607c2-d180-4f35-a931-14f4019fb7c8" testId="a953e7b6-539e-8b21-c90e-d78011b82fb5" testName="Unilyze.Tests.IncrementalAnalysisTests.WarmIncremental_MatchesFullSyntaxRun" computerName="upft-afs002" duration="00:00:00.2341689" startTime="2026-06-12T21:55:06.2659640+09:00" endTime="2026-06-12T21:55:06.4995990+09:00" testType="13cdc9d9-ddb5-4fa4-a97d-d965ccfc6d4b" outcome="Failed" testListId="8c84fa94-04c1-424b-9868-57a2d4851a1d" relativeResultsDirectory="64c607c2-d180-4f35-a931-14f4019fb7c8">
      <Output>
        <ErrorInfo>
          <Message>Assert.Equal() Failure: Values differ
Expected: 0
Actual:   1</Message>
          <StackTrace>   at Unilyze.Tests.IncrementalAnalysisTests.Analyze(Boolean fullIncremental) in /Volumes/CrucialX9/dev/github.com/bigdra50/unilyze/tests/Unilyze.Tests/IncrementalAnalysisTests.cs:line 225
   at Unilyze.Tests.IncrementalAnalysisTests.WarmIncremental_MatchesFullSyntaxRun() in /Volumes/CrucialX9/dev/github.com/bigdra50/unilyze/tests/Unilyze.Tests/IncrementalAnalysisTests.cs:line 31
   at System.Reflection.MethodBaseInvoker.InterpretedInvoke_Method(Object obj, IntPtr* args)
   at System.Reflection.MethodBaseInvoker.InvokeWithNoArgs(Object obj, BindingFlags invokeAttr)</StackTrace>
        </ErrorInfo>
      </Output>
    </UnitTestResult>
    <UnitTestResult executionId="45537dec-8b0b-41ea-a302-ae23b53c4031" testId="53022261-8c3e-33e4-b7e1-9283728dbeab" testName="Unilyze.Tests.IncrementalAnalysisTests.IncrementalWithoutSyntaxLevel_WarnsAndIgnoresCache" computerName="upft-afs002" duration="00:00:00.0358081" startTime="2026-06-12T21:55:06.2298390+09:00" endTime="2026-06-12T21:55:06.2652250+09:00" testType="13cdc9d9-ddb5-4fa4-a97d-d965ccfc6d4b" outcome="Failed" testListId="8c84fa94-04c1-424b-9868-57a2d4851a1d" relativeResultsDirectory="45537dec-8b0b-41ea-a302-ae23b53c4031">
      <Output>
        <ErrorInfo>
          <Message>Assert.Equal() Failure: Values differ
Expected: 0
Actual:   1</Message>
          <StackTrace>   at Unilyze.Tests.IncrementalAnalysisTests.IncrementalWithoutSyntaxLevel_WarnsAndIgnoresCache() in /Volumes/CrucialX9/dev/github.com/bigdra50/unilyze/tests/Unilyze.Tests/IncrementalAnalysisTests.cs:line 56
   at System.Reflection.MethodBaseInvoker.InterpretedInvoke_Method(Object obj, IntPtr* args)
   at System.Reflection.MethodBaseInvoker.InvokeWithNoArgs(Object obj, BindingFlags invokeAttr)</StackTrace>
        </ErrorInfo>
      </Output>
    </UnitTestResult>
    <UnitTestResult executionId="3d7508ff-64ea-414e-9e68-5e8df5351626" testId="502329c7-9edd-ba1b-9b9b-fafdcf4b4541" testName="Unilyze.Tests.IncrementalAnalysisTests.Mutations_StayEquivalentToFullRun(mutation: &quot;define&quot;)" computerName="upft-afs002" duration="00:00:00.0389495" startTime="2026-06-12T21:55:06.0423880+09:00" endTime="2026-06-12T21:55:06.0807130+09:00" testType="13cdc9d9-ddb5-4fa4-a97d-d965ccfc6d4b" outcome="Failed" testListId="8c84fa94-04c1-424b-9868-57a2d4851a1d" relativeResultsDirectory="3d7508ff-64ea-414e-9e68-5e8df5351626">
      <Output>
        <ErrorInfo>
          <Message>Assert.Equal() Failure: Values differ
Expected: 0
Actual:   1</Message>
          <StackTrace>   at Unilyze.Tests.IncrementalAnalysisTests.Analyze(Boolean fullIncremental) in /Volumes/CrucialX9/dev/github.com/bigdra50/unilyze/tests/Unilyze.Tests/IncrementalAnalysisTests.cs:line 225
   at Unilyze.Tests.IncrementalAnalysisTests.Mutations_StayEquivalentToFullRun(String mutation) in /Volumes/CrucialX9/dev/github.com/bigdra50/unilyze/tests/Unilyze.Tests/IncrementalAnalysisTests.cs:line 71
   at InvokeStub_IncrementalAnalysisTests.Mutations_StayEquivalentToFullRun(Object, Span`1)
   at System.Reflection.MethodBaseInvoker.InvokeWithOneArg(Object obj, BindingFlags invokeAttr, Binder binder, Object[] parameters, CultureInfo culture)</StackTrace>
        </ErrorInfo>
      </Output>
    </UnitTestResult>
    <UnitTestResult executionId="9262b2eb-3b6e-4cb7-a516-bbda69f37f74" testId="d5319f41-7cbf-df2e-0157-a84c42148188" testName="Unilyze.Tests.IncrementalAnalysisTests.Mutations_StayEquivalentToFullRun(mutation: &quot;delete&quot;)" computerName="upft-afs002" duration="00:00:00.0432592" startTime="2026-06-12T21:55:06.0147240+09:00" endTime="2026-06-12T21:55:06.0416490+09:00" testType="13cdc9d9-ddb5-4fa4-a97d-d965ccfc6d4b" outcome="Failed" testListId="8c84fa94-04c1-424b-9868-57a2d4851a1d" relativeResultsDirectory="9262b2eb-3b6e-4cb7-a516-bbda69f37f74">
      <Output>
        <ErrorInfo>
          <Message>Assert.Equal() Failure: Values differ
Expected: 0
Actual:   1</Message>
          <StackTrace>   at Unilyze.Tests.IncrementalAnalysisTests.Analyze(Boolean fullIncremental) in /Volumes/CrucialX9/dev/github.com/bigdra50/unilyze/tests/Unilyze.Tests/IncrementalAnalysisTests.cs:line 225
   at Unilyze.Tests.IncrementalAnalysisTests.Mutations_StayEquivalentToFullRun(String mutation) in /Volumes/CrucialX9/dev/github.com/bigdra50/unilyze/tests/Unilyze.Tests/IncrementalAnalysisTests.cs:line 71
   at InvokeStub_IncrementalAnalysisTests.Mutations_StayEquivalentToFullRun(Object, Span`1)
   at System.Reflection.MethodBaseInvoker.InvokeWithOneArg(Object obj, BindingFlags invokeAttr, Binder binder, Object[] parameters, CultureInfo culture)</StackTrace>
        </ErrorInfo>
      </Output>
    </UnitTestResult>
    <UnitTestResult executionId="763f8dee-9834-46bc-968e-1ea5e74e2e19" testId="cf99ee94-282d-d87d-918a-18ab9eb5cab4" testName="Unilyze.Tests.IncrementalAnalysisTests.ConcurrentIncrementalRuns_DoNotCorruptCache" computerName="upft-afs002" duration="00:00:00.0432592" startTime="2026-06-12T21:55:07.6418940+09:00" endTime="2026-06-12T21:55:07.6849360+09:00" testType="13cdc9d9-ddb5-4fa4-a97d-d965ccfc6d4b" outcome="Failed" testListId="8c84fa94-04c1-424b-9868-57a2d4851a1d" relativeResultsDirectory="763f8dee-9834-46bc-968e-1ea5e74e2e19">
      <Output>
        <ErrorInfo>
          <Message>Assert.Equal() Failure: Values differ
Expected: 0
Actual:   1</Message>
          <StackTrace>   at Unilyze.Tests.IncrementalAnalysisTests.Analyze(Boolean fullIncremental) in /Volumes/CrucialX9/dev/github.com/bigdra50/unilyze/tests/Unilyze.Tests/IncrementalAnalysisTests.cs:line 225
   at Unilyze.Tests.IncrementalAnalysisTests.ConcurrentIncrementalRuns_DoNotCorruptCache() in /Volumes/CrucialX9/dev/github.com/bigdra50/unilyze/tests/Unilyze.Tests/IncrementalAnalysisTests.cs:line 81
   at System.RuntimeMethodHandle.InvokeMethod(ObjectHandleOnStack target, Void** arguments, ObjectHandleOnStack sig, BOOL isConstructor, ObjectHandleOnStack result)
   at System.RuntimeMethodHandle.InvokeMethod(ObjectHandleOnStack target, Void** arguments, ObjectHandleOnStack sig, BOOL isConstructor, ObjectHandleOnStack result)
   at System.Reflection.MethodBaseInvoker.InterpretedInvoke_Method(Object obj, IntPtr* args)
   at System.Reflection.RuntimeMethodInfo.Invoke(Object obj, BindingFlags invokeAttr, Binder binder, Object[] parameters, CultureInfo culture)</StackTrace>
        </ErrorInfo>
      </Output>
    </UnitTestResult>
    <UnitTestResult executionId="29f671eb-3a99-4778-9d47-9c35b656e947" testId="f1a48180-338b-74b5-3c5c-32d849a60694" testName="Unilyze.Tests.IncrementalAnalysisTests.IncrementalWithInput_IsUsageError" computerName="upft-afs002" duration="00:00:00.0458642" startTime="2026-06-12T21:55:06.5246860+09:00" endTime="2026-06-12T21:55:06.5456750+09:00" testType="13cdc9d9-ddb5-4fa4-a97d-d965ccfc6d4b" outcome="Failed" testListId="8c84fa94-04c1-424b-9868-57a2d4851a1d" relativeResultsDirectory="29f671eb-3a99-4778-9d47-9c35b656e947">
      <Output>
        <ErrorInfo>
          <Message>Assert.Contains() Failure: Sub-string not found
String:    "Unknown option: '--incremental'\n"
Not found: "--incremental cannot be combined"</Message>
          <StackTrace>   at Unilyze.Tests.IncrementalAnalysisTests.IncrementalWithInput_IsUsageError() in /Volumes/CrucialX9/dev/github.com/bigdra50/unilyze/tests/Unilyze.Tests/IncrementalAnalysisTests.cs:line 49
   at System.Reflection.MethodBaseInvoker.InterpretedInvoke_Method(Object obj, IntPtr* args)
   at System.Reflection.MethodBaseInvoker.InvokeWithNoArgs(Object obj, BindingFlags invokeAttr)</StackTrace>
        </ErrorInfo>
      </Output>
    </UnitTestResult>
    <UnitTestResult executionId="429c7dc5-3a3a-4ef2-87cf-3046a12b9804" testId="49960b17-f723-d01f-364a-35becf2dbe1d" testName="Unilyze.Tests.IncrementalAnalysisTests.Mutations_StayEquivalentToFullRun(mutation: &quot;interface-flip&quot;)" computerName="upft-afs002" duration="00:00:00.0375794" startTime="2026-06-12T21:55:06.1551740+09:00" endTime="2026-06-12T21:55:06.1922720+09:00" testType="13cdc9d9-ddb5-4fa4-a97d-d965ccfc6d4b" outcome="Failed" testListId="8c84fa94-04c1-424b-9868-57a2d4851a1d" relativeResultsDirectory="429c7dc5-3a3a-4ef2-87cf-3046a12b9804">
      <Output>
        <ErrorInfo>
          <Message>Assert.Equal() Failure: Values differ
Expected: 0
Actual:   1</Message>
          <StackTrace>   at Unilyze.Tests.IncrementalAnalysisTests.Analyze(Boolean fullIncremental) in /Volumes/CrucialX9/dev/github.com/bigdra50/unilyze/tests/Unilyze.Tests/IncrementalAnalysisTests.cs:line 225
   at Unilyze.Tests.IncrementalAnalysisTests.Mutations_StayEquivalentToFullRun(String mutation) in /Volumes/CrucialX9/dev/github.com/bigdra50/unilyze/tests/Unilyze.Tests/IncrementalAnalysisTests.cs:line 71
   at InvokeStub_IncrementalAnalysisTests.Mutations_StayEquivalentToFullRun(Object, Span`1)
   at System.Reflection.MethodBaseInvoker.InvokeWithOneArg(Object obj, BindingFlags invokeAttr, Binder binder, Object[] parameters, CultureInfo culture)</StackTrace>
        </ErrorInfo>
      </Output>
    </UnitTestResult>
    <UnitTestResult executionId="503d68e8-bd19-484d-92a1-bb45b572b1b4" testId="49da1ba8-cff4-0350-52c9-7d71a6cdc64f" testName="Unilyze.Tests.IncrementalAnalysisTests.SelfAnalysis_WarmRunIsFasterThanColdSyntaxRun" computerName="upft-afs002" duration="00:00:01.0954286" startTime="2026-06-12T21:55:06.5467220+09:00" endTime="2026-06-12T21:55:07.6413100+09:00" testType="13cdc9d9-ddb5-4fa4-a97d-d965ccfc6d4b" outcome="Failed" testListId="8c84fa94-04c1-424b-9868-57a2d4851a1d" relativeResultsDirectory="503d68e8-bd19-484d-92a1-bb45b572b1b4">
      <Output>
        <ErrorInfo>
          <Message>Assert.Equal() Failure: Values differ
Expected: 0
Actual:   1</Message>
          <StackTrace>   at Unilyze.Tests.IncrementalAnalysisTests.MeasureRun(String projectRoot, Boolean incremental) in /Volumes/CrucialX9/dev/github.com/bigdra50/unilyze/tests/Unilyze.Tests/IncrementalAnalysisTests.cs:line 241
   at Unilyze.Tests.IncrementalAnalysisTests.SelfAnalysis_WarmRunIsFasterThanColdSyntaxRun() in /Volumes/CrucialX9/dev/github.com/bigdra50/unilyze/tests/Unilyze.Tests/IncrementalAnalysisTests.cs:line 120
   at System.Reflection.MethodBaseInvoker.InterpretedInvoke_Method(Object obj, IntPtr* args)
   at System.Reflection.MethodBaseInvoker.InvokeWithNoArgs(Object obj, BindingFlags invokeAttr)</StackTrace>
        </ErrorInfo>
      </Output>
    </UnitTestResult>
  </Results>
  <TestDefinitions>
    <UnitTest name="Unilyze.Tests.IncrementalAnalysisTests.ConcurrentIncrementalRuns_DoNotCorruptCache" storage="/volumes/crucialx9/dev/github.com/bigdra50/unilyze/tests/unilyze.tests/bin/debug/net10.0/unilyze.tests.dll" id="cf99ee94-282d-d87d-918a-18ab9eb5cab4">
      <Execution id="763f8dee-9834-46bc-968e-1ea5e74e2e19" />
      <TestMethod codeBase="/Volumes/CrucialX9/dev/github.com/bigdra50/unilyze/tests/Unilyze.Tests/bin/Debug/net10.0/Unilyze.Tests.dll" adapterTypeName="executor://xunit/VsTestRunner3/netcore/" className="Unilyze.Tests.IncrementalAnalysisTests" name="ConcurrentIncrementalRuns_DoNotCorruptCache" />
    </UnitTest>
    <UnitTest name="Unilyze.Tests.IncrementalAnalysisTests.IncrementalWithoutSyntaxLevel_WarnsAndIgnoresCache" storage="/volumes/crucialx9/dev/github.com/bigdra50/unilyze/tests/unilyze.tests/bin/debug/net10.0/unilyze.tests.dll" id="53022261-8c3e-33e4-b7e1-9283728dbeab">
      <Execution id="45537dec-8b0b-41ea-a302-ae23b53c4031" />
      <TestMethod codeBase="/Volumes/CrucialX9/dev/github.com/bigdra50/unilyze/tests/Unilyze.Tests/bin/Debug/net10.0/Unilyze.Tests.dll" adapterTypeName="executor://xunit/VsTestRunner3/netcore/" className="Unilyze.Tests.IncrementalAnalysisTests" name="IncrementalWithoutSyntaxLevel_WarnsAndIgnoresCache" />
    </UnitTest>
    <UnitTest name="Unilyze.Tests.IncrementalAnalysisTests.WarmIncremental_MatchesFullSyntaxRun" storage="/volumes/crucialx9/dev/github.com/bigdra50/unilyze/tests/unilyze.tests/bin/debug/net10.0/unilyze.tests.dll" id="a953e7b6-539e-8b21-c90e-d78011b82fb5">
      <Execution id="64c607c2-d180-4f35-a931-14f4019fb7c8" />
      <TestMethod codeBase="/Volumes/CrucialX9/dev/github.com/bigdra50/unilyze/tests/Unilyze.Tests/bin/Debug/net10.0/Unilyze.Tests.dll" adapterTypeName="executor://xunit/VsTestRunner3/netcore/" className="Unilyze.Tests.IncrementalAnalysisTests" name="WarmIncremental_MatchesFullSyntaxRun" />
    </UnitTest>
    <UnitTest name="Unilyze.Tests.IncrementalAnalysisTests.Mutations_StayEquivalentToFullRun(mutation: &quot;interface-flip&quot;)" storage="/volumes/crucialx9/dev/github.com/bigdra50/unilyze/tests/unilyze.tests/bin/debug/net10.0/unilyze.tests.dll" id="49960b17-f723-d01f-364a-35becf2dbe1d">
      <Execution id="429c7dc5-3a3a-4ef2-87cf-3046a12b9804" />
      <TestMethod codeBase="/Volumes/CrucialX9/dev/github.com/bigdra50/unilyze/tests/Unilyze.Tests/bin/Debug/net10.0/Unilyze.Tests.dll" adapterTypeName="executor://xunit/VsTestRunner3/netcore/" className="Unilyze.Tests.IncrementalAnalysisTests" name="Mutations_StayEquivalentToFullRun" />
    </UnitTest>
    <UnitTest name="Unilyze.Tests.IncrementalAnalysisTests.Mutations_StayEquivalentToFullRun(mutation: &quot;partial&quot;)" storage="/volumes/crucialx9/dev/github.com/bigdra50/unilyze/tests/unilyze.tests/bin/debug/net10.0/unilyze.tests.dll" id="8069361a-b182-5b2a-adaf-d07a06720af0">
      <Execution id="f52cbb60-e2dd-4673-ad09-8a3b6816dd2d" />
      <TestMethod codeBase="/Volumes/CrucialX9/dev/github.com/bigdra50/unilyze/tests/Unilyze.Tests/bin/Debug/net10.0/Unilyze.Tests.dll" adapterTypeName="executor://xunit/VsTestRunner3/netcore/" className="Unilyze.Tests.IncrementalAnalysisTests" name="Mutations_StayEquivalentToFullRun" />
    </UnitTest>
    <UnitTest name="Unilyze.Tests.IncrementalAnalysisTests.Mutations_StayEquivalentToFullRun(mutation: &quot;threshold&quot;)" storage="/volumes/crucialx9/dev/github.com/bigdra50/unilyze/tests/unilyze.tests/bin/debug/net10.0/unilyze.tests.dll" id="199b3ba6-2f0e-0b3b-fbce-8a3bcbf88dd0">
      <Execution id="4f53b11c-398c-4fb0-be94-f968f7530b3f" />
      <TestMethod codeBase="/Volumes/CrucialX9/dev/github.com/bigdra50/unilyze/tests/Unilyze.Tests/bin/Debug/net10.0/Unilyze.Tests.dll" adapterTypeName="executor://xunit/VsTestRunner3/netcore/" className="Unilyze.Tests.IncrementalAnalysisTests" name="Mutations_StayEquivalentToFullRun" />
    </UnitTest>
    <UnitTest name="Unilyze.Tests.IncrementalAnalysisTests.Mutations_StayEquivalentToFullRun(mutation: &quot;add&quot;)" storage="/volumes/crucialx9/dev/github.com/bigdra50/unilyze/tests/unilyze.tests/bin/debug/net10.0/unilyze.tests.dll" id="a6238678-b60b-822b-c048-16c6f278e169">
      <Execution id="53cf2f96-9e68-42e0-9e36-0e5cf504b183" />
      <TestMethod codeBase="/Volumes/CrucialX9/dev/github.com/bigdra50/unilyze/tests/Unilyze.Tests/bin/Debug/net10.0/Unilyze.Tests.dll" adapterTypeName="executor://xunit/VsTestRunner3/netcore/" className="Unilyze.Tests.IncrementalAnalysisTests" name="Mutations_StayEquivalentToFullRun" />
    </UnitTest>
    <UnitTest name="Unilyze.Tests.IncrementalAnalysisTests.Mutations_StayEquivalentToFullRun(mutation: &quot;edit&quot;)" storage="/volumes/crucialx9/dev/github.com/bigdra50/unilyze/tests/unilyze.tests/bin/debug/net10.0/unilyze.tests.dll" id="c8ef8f67-4540-7b8a-01d8-9ee39e2baade">
      <Execution id="9546c1a9-0cf1-4812-966c-7db9e217a288" />
      <TestMethod codeBase="/Volumes/CrucialX9/dev/github.com/bigdra50/unilyze/tests/Unilyze.Tests/bin/Debug/net10.0/Unilyze.Tests.dll" adapterTypeName="executor://xunit/VsTestRunner3/netcore/" className="Unilyze.Tests.IncrementalAnalysisTests" name="Mutations_StayEquivalentToFullRun" />
    </UnitTest>
    <UnitTest name="Unilyze.Tests.IncrementalAnalysisTests.WithoutIncremental_DoesNotCreateCache" storage="/volumes/crucialx9/dev/github.com/bigdra50/unilyze/tests/unilyze.tests/bin/debug/net10.0/unilyze.tests.dll" id="e8c8bf51-6c5f-05a9-5952-984ef383163e">
      <Execution id="60964867-80c8-42e7-b11a-c603605fc642" />
      <TestMethod codeBase="/Volumes/CrucialX9/dev/github.com/bigdra50/unilyze/tests/Unilyze.Tests/bin/Debug/net10.0/Unilyze.Tests.dll" adapterTypeName="executor://xunit/VsTestRunner3/netcore/" className="Unilyze.Tests.IncrementalAnalysisTests" name="WithoutIncremental_DoesNotCreateCache" />
    </UnitTest>
    <UnitTest name="Unilyze.Tests.IncrementalAnalysisTests.Mutations_StayEquivalentToFullRun(mutation: &quot;define&quot;)" storage="/volumes/crucialx9/dev/github.com/bigdra50/unilyze/tests/unilyze.tests/bin/debug/net10.0/unilyze.tests.dll" id="502329c7-9edd-ba1b-9b9b-fafdcf4b4541">
      <Execution id="3d7508ff-64ea-414e-9e68-5e8df5351626" />
      <TestMethod codeBase="/Volumes/CrucialX9/dev/github.com/bigdra50/unilyze/tests/Unilyze.Tests/bin/Debug/net10.0/Unilyze.Tests.dll" adapterTypeName="executor://xunit/VsTestRunner3/netcore/" className="Unilyze.Tests.IncrementalAnalysisTests" name="Mutations_StayEquivalentToFullRun" />
    </UnitTest>
    <UnitTest name="Unilyze.Tests.IncrementalAnalysisTests.IncrementalWithInput_IsUsageError" storage="/volumes/crucialx9/dev/github.com/bigdra50/unilyze/tests/unilyze.tests/bin/debug/net10.0/unilyze.tests.dll" id="f1a48180-338b-74b5-3c5c-32d849a60694">
      <Execution id="29f671eb-3a99-4778-9d47-9c35b656e947" />
      <TestMethod codeBase="/Volumes/CrucialX9/dev/github.com/bigdra50/unilyze/tests/Unilyze.Tests/bin/Debug/net10.0/Unilyze.Tests.dll" adapterTypeName="executor://xunit/VsTestRunner3/netcore/" className="Unilyze.Tests.IncrementalAnalysisTests" name="IncrementalWithInput_IsUsageError" />
    </UnitTest>
    <UnitTest name="Unilyze.Tests.IncrementalAnalysisTests.SelfAnalysis_WarmRunIsFasterThanColdSyntaxRun" storage="/volumes/crucialx9/dev/github.com/bigdra50/unilyze/tests/unilyze.tests/bin/debug/net10.0/unilyze.tests.dll" id="49da1ba8-cff4-0350-52c9-7d71a6cdc64f">
      <Execution id="503d68e8-bd19-484d-92a1-bb45b572b1b4" />
      <TestMethod codeBase="/Volumes/CrucialX9/dev/github.com/bigdra50/unilyze/tests/Unilyze.Tests/bin/Debug/net10.0/Unilyze.Tests.dll" adapterTypeName="executor://xunit/VsTestRunner3/netcore/" className="Unilyze.Tests.IncrementalAnalysisTests" name="SelfAnalysis_WarmRunIsFasterThanColdSyntaxRun" />
    </UnitTest>
    <UnitTest name="Unilyze.Tests.IncrementalAnalysisTests.Mutations_StayEquivalentToFullRun(mutation: &quot;delete&quot;)" storage="/volumes/crucialx9/dev/github.com/bigdra50/unilyze/tests/unilyze.tests/bin/debug/net10.0/unilyze.tests.dll" id="d5319f41-7cbf-df2e-0157-a84c42148188">
      <Execution id="9262b2eb-3b6e-4cb7-a516-bbda69f37f74" />
      <TestMethod codeBase="/Volumes/CrucialX9/dev/github.com/bigdra50/unilyze/tests/Unilyze.Tests/bin/Debug/net10.0/Unilyze.Tests.dll" adapterTypeName="executor://xunit/VsTestRunner3/netcore/" className="Unilyze.Tests.IncrementalAnalysisTests" name="Mutations_StayEquivalentToFullRun" />
    </UnitTest>
  </TestDefinitions>
  <TestEntries>
    <TestEntry testId="c8ef8f67-4540-7b8a-01d8-9ee39e2baade" executionId="9546c1a9-0cf1-4812-966c-7db9e217a288" testListId="8c84fa94-04c1-424b-9868-57a2d4851a1d" />
    <TestEntry testId="a6238678-b60b-822b-c048-16c6f278e169" executionId="53cf2f96-9e68-42e0-9e36-0e5cf504b183" testListId="8c84fa94-04c1-424b-9868-57a2d4851a1d" />
    <TestEntry testId="199b3ba6-2f0e-0b3b-fbce-8a3bcbf88dd0" executionId="4f53b11c-398c-4fb0-be94-f968f7530b3f" testListId="8c84fa94-04c1-424b-9868-57a2d4851a1d" />
    <TestEntry testId="8069361a-b182-5b2a-adaf-d07a06720af0" executionId="f52cbb60-e2dd-4673-ad09-8a3b6816dd2d" testListId="8c84fa94-04c1-424b-9868-57a2d4851a1d" />
    <TestEntry testId="e8c8bf51-6c5f-05a9-5952-984ef383163e" executionId="60964867-80c8-42e7-b11a-c603605fc642" testListId="8c84fa94-04c1-424b-9868-57a2d4851a1d" />
    <TestEntry testId="a953e7b6-539e-8b21-c90e-d78011b82fb5" executionId="64c607c2-d180-4f35-a931-14f4019fb7c8" testListId="8c84fa94-04c1-424b-9868-57a2d4851a1d" />
    <TestEntry testId="53022261-8c3e-33e4-b7e1-9283728dbeab" executionId="45537dec-8b0b-41ea-a302-ae23b53c4031" testListId="8c84fa94-04c1-424b-9868-57a2d4851a1d" />
    <TestEntry testId="502329c7-9edd-ba1b-9b9b-fafdcf4b4541" executionId="3d7508ff-64ea-414e-9e68-5e8df5351626" testListId="8c84fa94-04c1-424b-9868-57a2d4851a1d" />
    <TestEntry testId="d5319f41-7cbf-df2e-0157-a84c42148188" executionId="9262b2eb-3b6e-4cb7-a516-bbda69f37f74" testListId="8c84fa94-04c1-424b-9868-57a2d4851a1d" />
    <TestEntry testId="cf99ee94-282d-d87d-918a-18ab9eb5cab4" executionId="763f8dee-9834-46bc-968e-1ea5e74e2e19" testListId="8c84fa94-04c1-424b-9868-57a2d4851a1d" />
    <TestEntry testId="f1a48180-338b-74b5-3c5c-32d849a60694" executionId="29f671eb-3a99-4778-9d47-9c35b656e947" testListId="8c84fa94-04c1-424b-9868-57a2d4851a1d" />
    <TestEntry testId="49960b17-f723-d01f-364a-35becf2dbe1d" executionId="429c7dc5-3a3a-4ef2-87cf-3046a12b9804" testListId="8c84fa94-04c1-424b-9868-57a2d4851a1d" />
    <TestEntry testId="49da1ba8-cff4-0350-52c9-7d71a6cdc64f" executionId="503d68e8-bd19-484d-92a1-bb45b572b1b4" testListId="8c84fa94-04c1-424b-9868-57a2d4851a1d" />
  </TestEntries>
  <TestLists>
    <TestList name="一覧に存在しない結果" id="8c84fa94-04c1-424b-9868-57a2d4851a1d" />
    <TestList name="読み込まれたすべての結果" id="19431567-8539-422a-85d7-44ee4e166bda" />
  </TestLists>
  <ResultSummary outcome="Failed">
    <Counters total="13" executed="13" passed="1" failed="12" error="0" timeout="0" aborted="0" inconclusive="0" passedButRunAborted="0" notRunnable="0" notExecuted="0" disconnected="0" warning="0" completed="0" inProgress="0" pending="0" />
    <Output>
      <StdOut>[xUnit.net 00:00:00.00] xUnit.net VSTest Adapter v3.0.2+dd36e86129 (64-bit .NET 10.0.7)
[xUnit.net 00:00:00.04]   Discovering: Unilyze.Tests
[xUnit.net 00:00:00.11]   Discovered:  Unilyze.Tests
[xUnit.net 00:00:00.12]   Starting:    Unilyze.Tests
[xUnit.net 00:00:00.19]       Assert.Equal() Failure: Values differ
[xUnit.net 00:00:00.19]       Expected: 0
[xUnit.net 00:00:00.19]       Actual:   1
[xUnit.net 00:00:00.19]       Stack Trace:
[xUnit.net 00:00:00.20]         /Volumes/CrucialX9/dev/github.com/bigdra50/unilyze/tests/Unilyze.Tests/IncrementalAnalysisTests.cs(225,0): at Unilyze.Tests.IncrementalAnalysisTests.Analyze(Boolean fullIncremental)
[xUnit.net 00:00:00.20]         /Volumes/CrucialX9/dev/github.com/bigdra50/unilyze/tests/Unilyze.Tests/IncrementalAnalysisTests.cs(71,0): at Unilyze.Tests.IncrementalAnalysisTests.Mutations_StayEquivalentToFullRun(String mutation)
[xUnit.net 00:00:00.20]            at System.Reflection.MethodBaseInvoker.InterpretedInvoke_Method(Object obj, IntPtr* args)
[xUnit.net 00:00:00.20]            at System.Reflection.MethodBaseInvoker.InvokeDirectByRefWithFewArgs(Object obj, Span`1 copyOfArgs, BindingFlags invokeAttr)
[xUnit.net 00:00:00.24]       Assert.Equal() Failure: Values differ
[xUnit.net 00:00:00.24]       Expected: 0
[xUnit.net 00:00:00.24]       Actual:   1
[xUnit.net 00:00:00.24]       Stack Trace:
[xUnit.net 00:00:00.24]         /Volumes/CrucialX9/dev/github.com/bigdra50/unilyze/tests/Unilyze.Tests/IncrementalAnalysisTests.cs(225,0): at Unilyze.Tests.IncrementalAnalysisTests.Analyze(Boolean fullIncremental)
[xUnit.net 00:00:00.24]         /Volumes/CrucialX9/dev/github.com/bigdra50/unilyze/tests/Unilyze.Tests/IncrementalAnalysisTests.cs(71,0): at Unilyze.Tests.IncrementalAnalysisTests.Mutations_StayEquivalentToFullRun(String mutation)
[xUnit.net 00:00:00.24]            at InvokeStub_IncrementalAnalysisTests.Mutations_StayEquivalentToFullRun(Object, Span`1)
[xUnit.net 00:00:00.24]            at System.Reflection.MethodBaseInvoker.InvokeWithOneArg(Object obj, BindingFlags invokeAttr, Binder binder, Object[] parameters, CultureInfo culture)
[xUnit.net 00:00:00.27]       Assert.Equal() Failure: Values differ
[xUnit.net 00:00:00.27]       Expected: 0
[xUnit.net 00:00:00.27]       Actual:   1
[xUnit.net 00:00:00.27]       Stack Trace:
[xUnit.net 00:00:00.27]         /Volumes/CrucialX9/dev/github.com/bigdra50/unilyze/tests/Unilyze.Tests/IncrementalAnalysisTests.cs(225,0): at Unilyze.Tests.IncrementalAnalysisTests.Analyze(Boolean fullIncremental)
[xUnit.net 00:00:00.27]         /Volumes/CrucialX9/dev/github.com/bigdra50/unilyze/tests/Unilyze.Tests/IncrementalAnalysisTests.cs(71,0): at Unilyze.Tests.IncrementalAnalysisTests.Mutations_StayEquivalentToFullRun(String mutation)
[xUnit.net 00:00:00.27]            at InvokeStub_IncrementalAnalysisTests.Mutations_StayEquivalentToFullRun(Object, Span`1)
[xUnit.net 00:00:00.27]            at System.Reflection.MethodBaseInvoker.InvokeWithOneArg(Object obj, BindingFlags invokeAttr, Binder binder, Object[] parameters, CultureInfo culture)
[xUnit.net 00:00:00.31]       Assert.Equal() Failure: Values differ
[xUnit.net 00:00:00.31]       Expected: 0
[xUnit.net 00:00:00.31]       Actual:   1
[xUnit.net 00:00:00.31]       Stack Trace:
[xUnit.net 00:00:00.31]         /Volumes/CrucialX9/dev/github.com/bigdra50/unilyze/tests/Unilyze.Tests/IncrementalAnalysisTests.cs(225,0): at Unilyze.Tests.IncrementalAnalysisTests.Analyze(Boolean fullIncremental)
[xUnit.net 00:00:00.31]         /Volumes/CrucialX9/dev/github.com/bigdra50/unilyze/tests/Unilyze.Tests/IncrementalAnalysisTests.cs(71,0): at Unilyze.Tests.IncrementalAnalysisTests.Mutations_StayEquivalentToFullRun(String mutation)
[xUnit.net 00:00:00.31]            at InvokeStub_IncrementalAnalysisTests.Mutations_StayEquivalentToFullRun(Object, Span`1)
[xUnit.net 00:00:00.31]            at System.Reflection.MethodBaseInvoker.InvokeWithOneArg(Object obj, BindingFlags invokeAttr, Binder binder, Object[] parameters, CultureInfo culture)
[xUnit.net 00:00:00.35]       Assert.Equal() Failure: Values differ
[xUnit.net 00:00:00.35]       Expected: 0
[xUnit.net 00:00:00.35]       Actual:   1
[xUnit.net 00:00:00.35]       Stack Trace:
[xUnit.net 00:00:00.35]         /Volumes/CrucialX9/dev/github.com/bigdra50/unilyze/tests/Unilyze.Tests/IncrementalAnalysisTests.cs(225,0): at Unilyze.Tests.IncrementalAnalysisTests.Analyze(Boolean fullIncremental)
[xUnit.net 00:00:00.35]         /Volumes/CrucialX9/dev/github.com/bigdra50/unilyze/tests/Unilyze.Tests/IncrementalAnalysisTests.cs(71,0): at Unilyze.Tests.IncrementalAnalysisTests.Mutations_StayEquivalentToFullRun(String mutation)
[xUnit.net 00:00:00.35]            at InvokeStub_IncrementalAnalysisTests.Mutations_StayEquivalentToFullRun(Object, Span`1)
[xUnit.net 00:00:00.35]            at System.Reflection.MethodBaseInvoker.InvokeWithOneArg(Object obj, BindingFlags invokeAttr, Binder binder, Object[] parameters, CultureInfo culture)
[xUnit.net 00:00:00.39]       Assert.Equal() Failure: Values differ
[xUnit.net 00:00:00.39]       Expected: 0
[xUnit.net 00:00:00.39]       Actual:   1
[xUnit.net 00:00:00.39]       Stack Trace:
[xUnit.net 00:00:00.39]         /Volumes/CrucialX9/dev/github.com/bigdra50/unilyze/tests/Unilyze.Tests/IncrementalAnalysisTests.cs(225,0): at Unilyze.Tests.IncrementalAnalysisTests.Analyze(Boolean fullIncremental)
[xUnit.net 00:00:00.39]         /Volumes/CrucialX9/dev/github.com/bigdra50/unilyze/tests/Unilyze.Tests/IncrementalAnalysisTests.cs(71,0): at Unilyze.Tests.IncrementalAnalysisTests.Mutations_StayEquivalentToFullRun(String mutation)
[xUnit.net 00:00:00.39]            at InvokeStub_IncrementalAnalysisTests.Mutations_StayEquivalentToFullRun(Object, Span`1)
[xUnit.net 00:00:00.39]            at System.Reflection.MethodBaseInvoker.InvokeWithOneArg(Object obj, BindingFlags invokeAttr, Binder binder, Object[] parameters, CultureInfo culture)
[xUnit.net 00:00:00.42]       Assert.Equal() Failure: Values differ
[xUnit.net 00:00:00.42]       Expected: 0
[xUnit.net 00:00:00.42]       Actual:   1
[xUnit.net 00:00:00.42]       Stack Trace:
[xUnit.net 00:00:00.42]         /Volumes/CrucialX9/dev/github.com/bigdra50/unilyze/tests/Unilyze.Tests/IncrementalAnalysisTests.cs(225,0): at Unilyze.Tests.IncrementalAnalysisTests.Analyze(Boolean fullIncremental)
[xUnit.net 00:00:00.42]         /Volumes/CrucialX9/dev/github.com/bigdra50/unilyze/tests/Unilyze.Tests/IncrementalAnalysisTests.cs(71,0): at Unilyze.Tests.IncrementalAnalysisTests.Mutations_StayEquivalentToFullRun(String mutation)
[xUnit.net 00:00:00.42]            at InvokeStub_IncrementalAnalysisTests.Mutations_StayEquivalentToFullRun(Object, Span`1)
[xUnit.net 00:00:00.42]            at System.Reflection.MethodBaseInvoker.InvokeWithOneArg(Object obj, BindingFlags invokeAttr, Binder binder, Object[] parameters, CultureInfo culture)
[xUnit.net 00:00:00.46]       Assert.Equal() Failure: Values differ
[xUnit.net 00:00:00.46]       Expected: 0
[xUnit.net 00:00:00.46]       Actual:   1
[xUnit.net 00:00:00.46]       Stack Trace:
[xUnit.net 00:00:00.46]         /Volumes/CrucialX9/dev/github.com/bigdra50/unilyze/tests/Unilyze.Tests/IncrementalAnalysisTests.cs(56,0): at Unilyze.Tests.IncrementalAnalysisTests.IncrementalWithoutSyntaxLevel_WarnsAndIgnoresCache()
[xUnit.net 00:00:00.46]            at System.Reflection.MethodBaseInvoker.InterpretedInvoke_Method(Object obj, IntPtr* args)
[xUnit.net 00:00:00.46]            at System.Reflection.MethodBaseInvoker.InvokeWithNoArgs(Object obj, BindingFlags invokeAttr)
[xUnit.net 00:00:00.69]       Assert.Equal() Failure: Values differ
[xUnit.net 00:00:00.69]       Expected: 0
[xUnit.net 00:00:00.69]       Actual:   1
[xUnit.net 00:00:00.69]       Stack Trace:
[xUnit.net 00:00:00.69]         /Volumes/CrucialX9/dev/github.com/bigdra50/unilyze/tests/Unilyze.Tests/IncrementalAnalysisTests.cs(225,0): at Unilyze.Tests.IncrementalAnalysisTests.Analyze(Boolean fullIncremental)
[xUnit.net 00:00:00.69]         /Volumes/CrucialX9/dev/github.com/bigdra50/unilyze/tests/Unilyze.Tests/IncrementalAnalysisTests.cs(31,0): at Unilyze.Tests.IncrementalAnalysisTests.WarmIncremental_MatchesFullSyntaxRun()
[xUnit.net 00:00:00.69]            at System.Reflection.MethodBaseInvoker.InterpretedInvoke_Method(Object obj, IntPtr* args)
[xUnit.net 00:00:00.69]            at System.Reflection.MethodBaseInvoker.InvokeWithNoArgs(Object obj, BindingFlags invokeAttr)
[xUnit.net 00:00:00.74]       Assert.Contains() Failure: Sub-string not found
[xUnit.net 00:00:00.74]       String:    "Unknown option: '--incremental'\n"
[xUnit.net 00:00:00.74]       Not found: "--incremental cannot be combined"
[xUnit.net 00:00:00.74]       Stack Trace:
[xUnit.net 00:00:00.74]         /Volumes/CrucialX9/dev/github.com/bigdra50/unilyze/tests/Unilyze.Tests/IncrementalAnalysisTests.cs(49,0): at Unilyze.Tests.IncrementalAnalysisTests.IncrementalWithInput_IsUsageError()
[xUnit.net 00:00:00.74]            at System.Reflection.MethodBaseInvoker.InterpretedInvoke_Method(Object obj, IntPtr* args)
[xUnit.net 00:00:00.74]            at System.Reflection.MethodBaseInvoker.InvokeWithNoArgs(Object obj, BindingFlags invokeAttr)
[xUnit.net 00:00:01.84]       Assert.Equal() Failure: Values differ
[xUnit.net 00:00:01.84]       Expected: 0
[xUnit.net 00:00:01.84]       Actual:   1
[xUnit.net 00:00:01.84]       Stack Trace:
[xUnit.net 00:00:01.84]         /Volumes/CrucialX9/dev/github.com/bigdra50/unilyze/tests/Unilyze.Tests/IncrementalAnalysisTests.cs(241,0): at Unilyze.Tests.IncrementalAnalysisTests.MeasureRun(String projectRoot, Boolean incremental)
[xUnit.net 00:00:01.84]         /Volumes/CrucialX9/dev/github.com/bigdra50/unilyze/tests/Unilyze.Tests/IncrementalAnalysisTests.cs(120,0): at Unilyze.Tests.IncrementalAnalysisTests.SelfAnalysis_WarmRunIsFasterThanColdSyntaxRun()
[xUnit.net 00:00:01.84]            at System.Reflection.MethodBaseInvoker.InterpretedInvoke_Method(Object obj, IntPtr* args)
[xUnit.net 00:00:01.84]            at System.Reflection.MethodBaseInvoker.InvokeWithNoArgs(Object obj, BindingFlags invokeAttr)
[xUnit.net 00:00:01.88]       Assert.Equal() Failure: Values differ
[xUnit.net 00:00:01.88]       Expected: 0
[xUnit.net 00:00:01.88]       Actual:   1
[xUnit.net 00:00:01.88]       Stack Trace:
[xUnit.net 00:00:01.88]         /Volumes/CrucialX9/dev/github.com/bigdra50/unilyze/tests/Unilyze.Tests/IncrementalAnalysisTests.cs(225,0): at Unilyze.Tests.IncrementalAnalysisTests.Analyze(Boolean fullIncremental)
[xUnit.net 00:00:01.88]         /Volumes/CrucialX9/dev/github.com/bigdra50/unilyze/tests/Unilyze.Tests/IncrementalAnalysisTests.cs(81,0): at Unilyze.Tests.IncrementalAnalysisTests.ConcurrentIncrementalRuns_DoNotCorruptCache()
[xUnit.net 00:00:01.88]            at System.RuntimeMethodHandle.InvokeMethod(ObjectHandleOnStack target, Void** arguments, ObjectHandleOnStack sig, BOOL isConstructor, ObjectHandleOnStack result)
[xUnit.net 00:00:01.88]            at System.RuntimeMethodHandle.InvokeMethod(ObjectHandleOnStack target, Void** arguments, ObjectHandleOnStack sig, BOOL isConstructor, ObjectHandleOnStack result)
[xUnit.net 00:00:01.88]            at System.Reflection.MethodBaseInvoker.InterpretedInvoke_Method(Object obj, IntPtr* args)
[xUnit.net 00:00:01.88]            at System.Reflection.RuntimeMethodInfo.Invoke(Object obj, BindingFlags invokeAttr, Binder binder, Object[] parameters, CultureInfo culture)
[xUnit.net 00:00:02.18]   Finished:    Unilyze.Tests
</StdOut>
    </Output>
    <RunInfos>
      <RunInfo computerName="upft-afs002" outcome="Error" timestamp="2026-06-12T21:55:05.9993880+09:00">
        <Text>[xUnit.net 00:00:00.19]     Unilyze.Tests.IncrementalAnalysisTests.Mutations_StayEquivalentToFullRun(mutation: "partial") [FAIL]</Text>
      </RunInfo>
      <RunInfo computerName="upft-afs002" outcome="Error" timestamp="2026-06-12T21:55:06.0424390+09:00">
        <Text>[xUnit.net 00:00:00.24]     Unilyze.Tests.IncrementalAnalysisTests.Mutations_StayEquivalentToFullRun(mutation: "delete") [FAIL]</Text>
      </RunInfo>
      <RunInfo computerName="upft-afs002" outcome="Error" timestamp="2026-06-12T21:55:06.0811540+09:00">
        <Text>[xUnit.net 00:00:00.27]     Unilyze.Tests.IncrementalAnalysisTests.Mutations_StayEquivalentToFullRun(mutation: "define") [FAIL]</Text>
      </RunInfo>
      <RunInfo computerName="upft-afs002" outcome="Error" timestamp="2026-06-12T21:55:06.1179460+09:00">
        <Text>[xUnit.net 00:00:00.31]     Unilyze.Tests.IncrementalAnalysisTests.Mutations_StayEquivalentToFullRun(mutation: "threshold") [FAIL]</Text>
      </RunInfo>
      <RunInfo computerName="upft-afs002" outcome="Error" timestamp="2026-06-12T21:55:06.1550650+09:00">
        <Text>[xUnit.net 00:00:00.35]     Unilyze.Tests.IncrementalAnalysisTests.Mutations_StayEquivalentToFullRun(mutation: "add") [FAIL]</Text>
      </RunInfo>
      <RunInfo computerName="upft-afs002" outcome="Error" timestamp="2026-06-12T21:55:06.1927880+09:00">
        <Text>[xUnit.net 00:00:00.39]     Unilyze.Tests.IncrementalAnalysisTests.Mutations_StayEquivalentToFullRun(mutation: "interface-flip") [FAIL]</Text>
      </RunInfo>
      <RunInfo computerName="upft-afs002" outcome="Error" timestamp="2026-06-12T21:55:06.2294870+09:00">
        <Text>[xUnit.net 00:00:00.42]     Unilyze.Tests.IncrementalAnalysisTests.Mutations_StayEquivalentToFullRun(mutation: "edit") [FAIL]</Text>
      </RunInfo>
      <RunInfo computerName="upft-afs002" outcome="Error" timestamp="2026-06-12T21:55:06.2656500+09:00">
        <Text>[xUnit.net 00:00:00.46]     Unilyze.Tests.IncrementalAnalysisTests.IncrementalWithoutSyntaxLevel_WarnsAndIgnoresCache [FAIL]</Text>
      </RunInfo>
      <RunInfo computerName="upft-afs002" outcome="Error" timestamp="2026-06-12T21:55:06.5002260+09:00">
        <Text>[xUnit.net 00:00:00.69]     Unilyze.Tests.IncrementalAnalysisTests.WarmIncremental_MatchesFullSyntaxRun [FAIL]</Text>
      </RunInfo>
      <RunInfo computerName="upft-afs002" outcome="Error" timestamp="2026-06-12T21:55:06.7542500+09:00">
        <Text>[xUnit.net 00:00:00.74]     Unilyze.Tests.IncrementalAnalysisTests.IncrementalWithInput_IsUsageError [FAIL]</Text>
      </RunInfo>
      <RunInfo computerName="upft-afs002" outcome="Error" timestamp="2026-06-12T21:55:07.6419310+09:00">
        <Text>[xUnit.net 00:00:01.83]     Unilyze.Tests.IncrementalAnalysisTests.SelfAnalysis_WarmRunIsFasterThanColdSyntaxRun [FAIL]</Text>
      </RunInfo>
      <RunInfo computerName="upft-afs002" outcome="Error" timestamp="2026-06-12T21:55:07.6854370+09:00">
        <Text>[xUnit.net 00:00:01.88]     Unilyze.Tests.IncrementalAnalysisTests.ConcurrentIncrementalRuns_DoNotCorruptCache [FAIL]</Text>
      </RunInfo>
    </RunInfos>
  </ResultSummary>
</TestRun>